MAIN                                                                                                          PAGE 1

                       1    $MOD51
0000 020020            2    jmp start
000B                   3    org 0bh
000B C28C              4    clr TCON.4
000D 32                5    reti
0020                   6    org 20h
                       7    
0020                   8    start:
0020 C3                9    clr C 
0021 758901           10    mov TMOD,#01h ;?????? ????? ?????? ??????? T0
0024 D2AF             11    setb IE.7 ;????????? ??????????
0026 D2A9             12    setb IE.1 ;????????? ?????????? ?? ??????? T/C0
0028 75A000           13    mov P2,#0h ;????? ????????
                      14    
002B                  15    Period:
002B 7400             16    mov A,#0h ;??????? ???????? ??? ??????
                      17    ;???????? ???????? ?? 250 ???
002D 758A12           18    mov TL0,#12h
0030 758CFF           19    mov TH0,#0FFh
0033 F5A0             20    mov P2,A
0035 D28C             21    setb TCON.4 ;????????? ???????
                      22    
0037                  23    next1:
0037 308DFD           24    jnb TCON.5, next1 ;???????? ?????????? ???????
003A 7400             25    mov A,#0h ;??????? 25% ?? ????????????? ????????
                      26    ;???????? 250 ???
003C 758A12           27    mov TL0,#12h
003F 758CFF           28    mov TH0,#0FFh
0042 F5A0             29    mov P2,A
0044 D28C             30    setb TCON.4 ;????????? ???????
                      31    
0046                  32    next2:
0046 2404             33    add A,#4h ; otklonenie impulsa nachalo
0048 F5A0             34    mov P2,A
004A 308DF9           35    jnb TCON.5,next2
004D 74B2             36    mov A, #0B2h ; vusota impulsa
004F 758A12           37    mov TL0,#12h
0052 758CFF           38    mov TH0,#0FFh
0055 F5A0             39    mov P2,A
0057 D28C             40    setb TCON.4
                      41    
0059                  42    next4:
0059 24FE             43    add A,#-2h ; otklonenie impulsa konec
005B F5A0             44    mov P2,A
005D 308DF9           45    jnb TCON.5,next4
0060 758A12           46    mov TL0,#012h
0063 758CFF           47    mov TH0,#0FFh
0066 F5A0             48    mov P2,A
0068 D28C             49    setb TCON.4
                      50     
                      51    
006A                  52    next5:
006A 308DFD           53    jnb TCON.5,next5 ;???????? ?????????? ???????
                      54    
006D C3               55    clr C
006E 80BB             56    jmp Period ;??????? ?? ?????? ????????? ????????
                      57    
                      58    END

VERSION 1.2k ASSEMBLY COMPLETE, 0 ERRORS FOUND
MAIN                                                                                                          PAGE 2

IE . . . . . . . . . . . . . . .  D ADDR  00A8H  PREDEFINED  
NEXT1. . . . . . . . . . . . . .  C ADDR  0037H  
NEXT2. . . . . . . . . . . . . .  C ADDR  0046H  
NEXT4. . . . . . . . . . . . . .  C ADDR  0059H  
NEXT5. . . . . . . . . . . . . .  C ADDR  006AH  
P2 . . . . . . . . . . . . . . .  D ADDR  00A0H  PREDEFINED  
PERIOD . . . . . . . . . . . . .  C ADDR  002BH  
START. . . . . . . . . . . . . .  C ADDR  0020H  
TCON . . . . . . . . . . . . . .  D ADDR  0088H  PREDEFINED  
TH0. . . . . . . . . . . . . . .  D ADDR  008CH  PREDEFINED  
TL0. . . . . . . . . . . . . . .  D ADDR  008AH  PREDEFINED  
TMOD . . . . . . . . . . . . . .  D ADDR  0089H  PREDEFINED  
