HI-TECH Software 8051-C Compiler V9.60

Linker command line:

--edf=C:\PROGRA~2\HI-TEC~1\HC51\lite\9.60\dat\en_msgs.txt \
  -h+Z:\project1.sym -z -Q8051AH -ol.obj -MZ:\project1.map -E1 \
  -ver=8051-C#V9.60 -ACODE=00h-0FFFh -pvectors=00h \
  -prbit=0/20h,rbss,rdata/CODE,irdata/CODE,idata/rbss -pbss=XDATA/idata \
  -pdata=CODE+100h -pconst=CODE+100h -pstrings=CODE+100h -pnvram=bss,heap \
  C:\Users\79041\AppData\Local\Temp\s908.obj Z:\main_0.obj \
  C:\PROGRA~2\HI-TEC~1\HC51\lite\9.60\lib\51--nsc.lib 

Object code version is 3.8

Machine type is 8051AH

Call graph:

*start1 size 0,0 offset 0
*    _main size 0,6 offset 0

		Name          Link     Load   Length Selector Space Scale
C:\Users\79041\AppData\Local\Temp\s908.obj
		vectors          0        0        3       0     0
		text            B4       B4       14       0     0
Z:\main_0.obj   strings        100      100       11     100     0
		text             3        3       B1       0     0

C:\PROGRA~2\HI-TEC~1\HC51\lite\9.60\lib\51--nsc.lib
ldc_byte.obj    text           111      111       73     100     0
powerup.obj     text            C8       C8        3       0     0

COMMON          rbss            20       20        6      20     1

TOTAL		Name          Link     Load   Length
	CLASS	CODE     
		vectors          0        0        3
		text            B4       B4       14
		strings        100      100       11
		text             3        3       B1
		text           111      111       73
		text            C8       C8        3

	CLASS	DATA     
		rbss            20       20        6

	CLASS	XDATA    

	CLASS	BITSEG   



SEGMENTS	Name		Load	Length	 Top	Selector    Space Class

		vectors         000000	0000CB	0000CB	       0       0  CODE    
		rbit            000020	000006	000026	      20       1  BITSEG  
		data            000100	000084	000184	     100       0  CODE    


UNUSED ADDRESS RANGES

	CODE             0CB-0FF
	                 184-FFF

                                  Symbol Table

?a_main        rbss    020  __Bbss         bss     026
__Bidata       idata   026  __Birdata      irdata  003
__Brbit        rbit    020  __Brdata       rdata   003
__Hbss         bss     026  __Hcode        code    026
__Hconst       const   100  __Hdata        data    100
__Hheap        heap    026  __Hidata       idata   026
__Hirdata      irdata  026  __Hnvram       nvram   026
__Hrbit        rbit    000  __Hrbss        rbss    026
__Hrdata       rdata   026  __Hstrings     strings 111
__Htext        text    026  __Hvectors     vectors 003
__Lbss         bss     026  __Lcode        code    026
__Lconst       const   100  __Ldata        data    100
__Lheap        heap    026  __Lidata       idata   026
__Lirdata      irdata  026  __Lnvram       nvram   026
__Lrbit        rbit    000  __Lrbss        rbss    020
__Lrdata       rdata   026  __Lstrings     strings 100
__Ltext        text    026  __Lvectors     vectors 000
__S0           (abs)   184  _exit          text    0C5
_main          text    003  intlevel0      (abs)   000
intlevel1      (abs)   000  ldb_r0         text    120
ldb_r1         text    12D  ldb_r2         text    13A
ldb_r3         text    147  ldb_r4         text    154
ldb_r5         text    161  ldb_r6         text    16E
ldb_r7         text    17B  ldc_byte       text    111
ldc_r0         text    11C  ldc_r1         text    129
ldc_r2         text    136  ldc_r3         text    143
ldc_r4         text    150  ldc_r5         text    15D
ldc_r6         text    16A  ldc_r7         text    177
powerup        text    0C8  small_model    (abs)   001
stack_internal (abs)   001  start          vectors 000
start1         text    0B4  
